// Jest Snapshot v1, https://goo.gl/fbAQLP

exports[`LoadingView should render without throwing an error 1`] = `
Array [
  <div
    className="spinner-grow"
    role="status"
  >
    <span
      className="sr-only"
    >
      Loading...
    </span>
  </div>,
  <h5
    className="mt-3"
  >
    Loading transactionsâ€¦
  </h5>,
]
`;
